#0 building with "default" instance using docker driver

#1 [internal] load build definition from Dockerfile
#1 transferring dockerfile: 192B done
#1 DONE 0.0s

#2 [internal] load metadata for docker.io/library/python:3.11-slim
#2 DONE 0.9s

#3 [internal] load .dockerignore
#3 transferring context: 2B done
#3 DONE 0.0s

#4 [internal] load build context
#4 transferring context: 28B done
#4 DONE 0.0s

#5 [1/3] FROM docker.io/library/python:3.11-slim@sha256:0dd364ba7e10242f07755449e3a3d0e35f9efd987952737b90def6709ab0c5ce
#5 resolve docker.io/library/python:3.11-slim@sha256:0dd364ba7e10242f07755449e3a3d0e35f9efd987952737b90def6709ab0c5ce 0.0s done
#5 DONE 0.0s

#6 [2/3] WORKDIR /app
#6 CACHED

#7 [3/3] COPY app.py /app/app.py
#7 CACHED

#8 exporting to image
#8 exporting layers done
#8 exporting manifest sha256:34adc04d7bd2eefb547e4abf7eca3ee892c3bcd54bb3f8d1cc220630d389856b 0.0s done
#8 exporting config sha256:fd0325db63f194fe282a965a82b050e1405d4bcad080c84c57857bbc2f90852e 0.0s done
#8 exporting attestation manifest sha256:9d4dbd6003d6d80ba86bb83a9d068c0a46aac5e0e4156f55543dd924d268d0b7
#8 exporting attestation manifest sha256:9d4dbd6003d6d80ba86bb83a9d068c0a46aac5e0e4156f55543dd924d268d0b7 0.0s done
#8 exporting manifest list sha256:e3087ae519052f3f60b23f7af0ad1b9a5105258e4da624498c741d8241708eee 0.0s done
#8 naming to docker.io/library/web-tugas-101012300238:1.0 done
#8 unpacking to docker.io/library/web-tugas-101012300238:1.0 done
#8 DONE 0.1s
